#!/usr/bin/python
#-*- conding: UTF-8 -*-
mysql> use fw_login
Reading table information for completion of table and column names
You can turn off this feature to get a quicker startup with -A

Database changed
mysql> select * from domain;
+----+-----------------+-----------+--------+---------------------+----------------+---------------+----------------+--------+
| id | domain          | domain_id | status | up_time             | net_ip         | unet_ip       | log_ip         | s_name |
+----+-----------------+-----------+--------+---------------------+----------------+---------------+----------------+--------+
|  1 | fairyseason.com | 11        | 1      | 2016-12-20 13:22:59 | 192.168.96.225 | 172.31.3.38   | 52.206.241.232 | NULL   |
|  2 | bellelily.com   | 12        | 1      | 2016-12-20 13:22:59 | 192.168.96.49  | 172.22.0.2    | 47.90.200.109  | NULL   |
|  3 | coolicool.com   | 13        | 1      | 2016-12-20 13:22:59 | 47.91.79.202   | 172.25.133.4  | NULL           | NULL   |
|  4 | dresseva.com    | 14        | 1      | 2016-12-20 13:22:59 | 47.88.35.230   | 10.174.72.149 | NULL           | NULL   |
|  5 | www.aukey.com   | 15        | 0      | 2016-12-20 13:22:59 | 52.55.65.104   | NULL          | NULL           | NULL   |
+----+-----------------+-----------+--------+---------------------+----------------+---------------+----------------+--------+
5 rows in set (0.00 sec)

mysql> exit
Bye
[root@gitlab demos]# python demo.py  --help
Login: root --help 22
*** Connect failed: [Errno -2] Name or service not known
[root@gitlab demos]# python demo.py  192.168.96.225:22
Login: root 192.168.96.225 22
重新执行...
*** WARNING: Unknown host key!
Auth by (p)assword, (r)sa key, or (d)ss key? [p] p
Password for root@192.168.96.225:
*** Here we go!

posix_shell
username root
Last login: Wed Nov  8 12:22:52 2017 from 192.168.96.229
-bash-4.2# ^C
-bash-4.2# logout

*** EOF
[root@gitlab demos]# python demo.py  root@192.168.96.225:22
Login: root 192.168.96.225 22
重新执行...


[root@gitlab demos]# python demo.py
====选择登录的服务器====
请输入任意信息: 1
ip 不合法.请重新输入.
节点信息: {'status': u'1', 'net_ip': u'192.168.96.225', 'domain': u'fairyseason.com', 'domain_id': u'11', 'id': 1L}
节点信息: {'status': u'1', 'net_ip': u'192.168.96.49', 'domain': u'bellelily.com', 'domain_id': u'12', 'id': 2L}
节点信息: {'status': u'1', 'net_ip': u'47.91.79.202', 'domain': u'coolicool.com', 'domain_id': u'13', 'id': 3L}
节点信息: {'status': u'1', 'net_ip': u'47.88.35.230', 'domain': u'dresseva.com', 'domain_id': u'14', 'id': 4L}
节点信息: {'status': u'0', 'net_ip': u'52.55.65.104', 'domain': u'www.aukey.com', 'domain_id': u'15', 'id': 5L}
请输入任意信息: 192.168.96
ip 不合法.请重新输入.
节点信息: {'status': u'1', 'net_ip': u'192.168.96.225', 'domain': u'fairyseason.com', 'domain_id': u'11', 'id': 1L}
节点信息: {'status': u'1', 'net_ip': u'192.168.96.49', 'domain': u'bellelily.com', 'domain_id': u'12', 'id': 2L}
请输入任意信息: 192.68.96.225
Login: root 192.68.96.225 22

[root@gitlab demos]# python demo.py
====选择登录的服务器====
请输入任意信息: 192.168.96.225
Login: root 192.168.96.225 22
hostname,user,port *** Connect failed: cannot concatenate 'str' and 'int' objects
[root@gitlab demos]# python demo.py
====选择登录的服务器====
请输入任意信息: 192.168.96.225
Login: root 192.168.96.225 22

[root@gitlab demos]# python demo.py
====选择登录的服务器====
请输入任意信息: 1
ip 不合法.请重新输入.
节点信息: {'status': u'1', 'net_ip': u'192.168.96.225', 'domain': u'fairyseason.com', 'domain_id': u'11', 'id': 1L}
节点信息: {'status': u'1', 'net_ip': u'192.168.96.49', 'domain': u'bellelily.com', 'domain_id': u'12', 'id': 2L}
节点信息: {'status': u'1', 'net_ip': u'47.91.79.202', 'domain': u'coolicool.com', 'domain_id': u'13', 'id': 3L}
节点信息: {'status': u'1', 'net_ip': u'47.88.35.230', 'domain': u'dresseva.com', 'domain_id': u'14', 'id': 4L}
节点信息: {'status': u'0', 'net_ip': u'52.55.65.104', 'domain': u'www.aukey.com', 'domain_id': u'15', 'id': 5L}
请输入任意信息: 192.168.96.225
Login: root 192.168.96.225 22
hostname,user,port192.168.96.225root22
重新执行...
*** WARNING: Unknown host key!
Auth by (p)assword, (r)sa key, or (d)ss key? [p]
Password for root@192.168.96.225:
*** Here we go!

posix_shell
username root
Last login: Wed Nov  8 15:45:29 2017 from 192.168.96.229
-bash-4.2# logout

*** EOF
[root@gitlab demos]# python demo.py
====选择登录的服务器====
请输入任意信息: 192.168.96.225
Login: root 192.168.96.225 22
hostname,user,port192.168.96.225root22
重新执行...
*** WARNING: Unknown host key!
Auth by (p)assword, (r)sa key, or (d)ss key? [p] ^CTraceback (most recent call last):
  File "demo.py", line 262, in <module>
    manual_auth(username,hostname)
  File "demo.py", line 68, in manual_auth
    auth = input('Auth by (p)assword, (r)sa key, or (d)ss key? [%s] ' % default_auth)
KeyboardInterrupt
[root@gitlab demos]# python demo.py
====选择登录的服务器====
请输入任意信息: 192.168
ip 不合法.请重新输入.
节点信息: {'status': u'1', 'net_ip': u'192.168.96.225', 'domain': u'fairyseason.com', 'domain_id': u'11', 'id': 1L}
节点信息: {'status': u'1', 'net_ip': u'192.168.96.49', 'domain': u'bellelily.com', 'domain_id': u'12', 'id': 2L}
请输入任意信息: 192.168
ip 不合法.请重新输入.
节点信息: {'status': u'1', 'net_ip': u'192.168.96.225', 'domain': u'fairyseason.com', 'domain_id': u'11', 'id': 1L}
节点信息: {'status': u'1', 'net_ip': u'192.168.96.49', 'domain': u'bellelily.com', 'domain_id': u'12', 'id': 2L}
请输入任意信息: 192.68.96
ip 不合法.请重新输入.
请输入任意信息: 192.168
ip 不合法.请重新输入.
节点信息: {'status': u'1', 'net_ip': u'192.168.96.225', 'domain': u'fairyseason.com', 'domain_id': u'11', 'id': 1L}
节点信息: {'status': u'1', 'net_ip': u'192.168.96.49', 'domain': u'bellelily.com', 'domain_id': u'12', 'id': 2L}
请输入任意信息: 192.168.96
ip 不合法.请重新输入.
节点信息: {'status': u'1', 'net_ip': u'192.168.96.225', 'domain': u'fairyseason.com', 'domain_id': u'11', 'id': 1L}
节点信息: {'status': u'1', 'net_ip': u'192.168.96.49', 'domain': u'bellelily.com', 'domain_id': u'12', 'id': 2L}
超过5次....被强制退出

